
> teacher_portfoilo@0.1.0 build
> next build

node.exe : 'next' is 
not recognized as an 
internal or external 
command,
At C:\Users\dkhar\AppD
ata\Roaming\npm\npm.ps
1:24 char:5
+     & "node$exe"  "$
basedir/node_modules/n
pm/bin/npm-cli.js" 
$args
+     ~~~~~~~~~~~~~~~~
~~~~~~~~~~~~~~~~~~~~~~
~~~~~~~~~~~~~~~~~~~~~~
~~
    + CategoryInfo    
          : NotSpeci  
  fied: ('next' is    
 not r...ternal co    
mmand,:String) []    
, RemoteException
    + FullyQualifiedE 
   rrorId : NativeCo  
  mmandError
 
operable program or 
batch file.
